schema {
  query: Query
}

type Comment {
  content: [String]!
  id: Uuid!
}

type Query {

}

"The `String` scalar type represents textual data, represented as UTF-8 character sequences. The String type is most often used by GraphQL to represent free-form human-readable text."
scalar String

scalar Uuid